Analyzing scorecaddie-app...                                    

warning - Unused import: '../database/database.dart' - lib\core\cloud\group_sync_service.dart:3:8 - unused_import
warning - Unused import: 'package:flutter_riverpod/flutter_riverpod.dart' - lib\core\cloud\sync_service.dart:1:8 - unused_import
warning - Unused import: '../../providers/app_providers.dart' - lib\core\cloud\sync_service.dart:8:8 - unused_import
warning - The '!' will have no effect because the receiver can't be null - lib\core\cloud\sync_service.dart:197:41 - unnecessary_non_null_assertion
warning - The '!' will have no effect because the receiver can't be null - lib\core\cloud\sync_service.dart:420:23 - unnecessary_non_null_assertion
warning - The operand can't be 'null', so the condition is always 'true' - lib\core\cloud\sync_service.dart:499:20 - unnecessary_null_comparison
   info - Don't invoke 'print' in production code - lib\core\database\clear_reviews.dart:21:3 - avoid_print
   info - Unnecessary 'this.' qualifier - lib\core\database\database.dart:330:29 - unnecessary_this
   info - Unnecessary 'this.' qualifier - lib\core\database\database.dart:330:42 - unnecessary_this
   info - Unnecessary 'this.' qualifier - lib\core\database\database.dart:331:29 - unnecessary_this
   info - Unnecessary 'this.' qualifier - lib\core\database\database.dart:331:42 - unnecessary_this
   info - Unnecessary 'this.' qualifier - lib\core\database\database.dart:332:29 - unnecessary_this
   info - Unnecessary 'this.' qualifier - lib\core\database\database.dart:332:42 - unnecessary_this
   info - Unnecessary 'this.' qualifier - lib\core\database\database.dart:347:29 - unnecessary_this
   info - Unnecessary 'this.' qualifier - lib\core\database\database.dart:347:45 - unnecessary_this
   info - Unnecessary 'this.' qualifier - lib\core\database\database.dart:350:29 - unnecessary_this
   info - Unnecessary 'this.' qualifier - lib\core\database\database.dart:350:48 - unnecessary_this
   info - Unnecessary 'this.' qualifier - lib\core\database\database.dart:353:29 - unnecessary_this
   info - Unnecessary 'this.' qualifier - lib\core\database\database.dart:353:45 - unnecessary_this
   info - Unnecessary 'this.' qualifier - lib\core\database\database.dart:354:29 - unnecessary_this
   info - Unnecessary 'this.' qualifier - lib\core\database\database.dart:354:45 - unnecessary_this
   info - Unnecessary 'this.' qualifier - lib\core\database\database.dart:355:29 - unnecessary_this
   info - Unnecessary 'this.' qualifier - lib\core\database\database.dart:355:45 - unnecessary_this
   info - Unnecessary 'this.' qualifier - lib\core\database\database.dart:356:29 - unnecessary_this
   info - Unnecessary 'this.' qualifier - lib\core\database\database.dart:356:45 - unnecessary_this
   info - Unnecessary 'this.' qualifier - lib\core\database\database.dart:357:29 - unnecessary_this
   info - Unnecessary 'this.' qualifier - lib\core\database\database.dart:357:45 - unnecessary_this
   info - Unnecessary 'this.' qualifier - lib\core\database\database.dart:358:29 - unnecessary_this
   info - Unnecessary 'this.' qualifier - lib\core\database\database.dart:358:45 - unnecessary_this
   info - Unnecessary 'this.' qualifier - lib\core\database\database.dart:359:29 - unnecessary_this
   info - Unnecessary 'this.' qualifier - lib\core\database\database.dart:359:45 - unnecessary_this
   info - Unnecessary 'this.' qualifier - lib\core\database\database.dart:362:29 - unnecessary_this
   info - Unnecessary 'this.' qualifier - lib\core\database\database.dart:362:45 - unnecessary_this
   info - Unnecessary 'this.' qualifier - lib\core\database\database.dart:363:29 - unnecessary_this
   info - Unnecessary 'this.' qualifier - lib\core\database\database.dart:363:45 - unnecessary_this
   info - Unnecessary 'this.' qualifier - lib\core\database\database.dart:366:31 - unnecessary_this
   info - Unnecessary 'this.' qualifier - lib\core\database\database.dart:366:47 - unnecessary_this
warning - Unused import: 'package:flutter/material.dart' - lib\core\database\seed_reviews.dart:1:8 - unused_import
warning - Unused import: '../../screens/history/history_screen.dart' - lib\core\router\app_router.dart:12:8 - unused_import
warning - Unused import: '../../core/services/friend_service.dart' - lib\core\router\app_router.dart:26:8 - unused_import
   info - Don't use 'BuildContext's across async gaps - lib\core\router\app_router.dart:335:11 - use_build_context_synchronously
warning - Unused import: 'package:flutter/foundation.dart' - lib\core\services\ai_analyzer_service.dart:5:8 - unused_import
warning - The value of the local variable 'startTime' isn't used - lib\core\services\ai_analyzer_service.dart:46:11 - unused_local_variable
warning - The declaration '_getSmashFactor' isn't referenced - lib\core\services\ai_analyzer_service.dart:150:10 - unused_element
warning - Unused import: 'dart:io' - lib\core\services\camera_service.dart:3:8 - unused_import
warning - Unused import: 'package:path_provider/path_provider.dart' - lib\core\services\camera_service.dart:4:8 - unused_import
warning - Unused import: 'package:path/path.dart' - lib\core\services\camera_service.dart:5:8 - unused_import
warning - Unused import: 'package:flutter_riverpod/flutter_riverpod.dart' - lib\core\services\friend_service.dart:1:8 - unused_import
warning - Unused import: '../../providers/app_providers.dart' - lib\core\services\friend_service.dart:6:8 - unused_import
warning - The '!' will have no effect because the receiver can't be null - lib\core\services\friend_service.dart:30:54 - unnecessary_non_null_assertion
   info - Use interpolation to compose strings and values - lib\core\services\friend_service.dart:34:23 - prefer_interpolation_to_compose_strings
warning - The '!' will have no effect because the receiver can't be null - lib\core\services\friend_service.dart:34:27 - unnecessary_non_null_assertion
warning - The '!' will have no effect because the receiver can't be null - lib\core\services\friend_service.dart:72:21 - unnecessary_non_null_assertion
   info - Type could be non-nullable - lib\core\services\highlight_card_service.dart:25:24 - unnecessary_nullable_for_final_variable_declarations
warning - Unused import: 'dart:io' - lib\core\services\notification_service.dart:3:8 - unused_import
warning - Unused import: 'package:cloud_firestore/cloud_firestore.dart' - lib\core\services\profile_service.dart:3:8 - unused_import
   info - Don't invoke 'print' in production code - lib\main.dart:33:9 - avoid_print
   info - Don't invoke 'print' in production code - lib\main.dart:44:9 - avoid_print
   info - Don't invoke 'print' in production code - lib\main.dart:49:5 - avoid_print
   info - Unnecessary use of 'toList' in a spread - lib\screens\achievements\achievements_gallery_screen.dart:59:75 - unnecessary_to_list_in_spreads
warning - Unused import: 'package:screenshot/screenshot.dart' - lib\screens\analytics\analytics_screen.dart:11:8 - unused_import
   info - 'withOpacity' is deprecated and shouldn't be used. Use .withValues() to avoid precision loss - lib\screens\analytics\analytics_screen.dart:371:49 - deprecated_member_use
warning - Unused import: 'package:go_router/go_router.dart' - lib\screens\auth\auth_screen.dart:3:8 - unused_import
warning - Unused import: '../../core/services/profile_service.dart' - lib\screens\auth\auth_screen.dart:7:8 - unused_import
warning - Unused import: '../../core/cloud/sync_service.dart' - lib\screens\auth\provider_onboarding_screen.dart:11:8 - unused_import
   info - 'withOpacity' is deprecated and shouldn't be used. Use .withValues() to avoid precision loss - lib\screens\auth\provider_onboarding_screen.dart:272:56 - deprecated_member_use
   info - 'activeColor' is deprecated and shouldn't be used. Use activeThumbColor instead. This feature was deprecated after v3.31.0-2.0.pre - lib\screens\auth\provider_onboarding_screen.dart:352:9 - deprecated_member_use
   info - 'withOpacity' is deprecated and shouldn't be used. Use .withValues() to avoid precision loss - lib\screens\auth\provider_onboarding_screen.dart:368:54 - deprecated_member_use
   info - 'withOpacity' is deprecated and shouldn't be used. Use .withValues() to avoid precision loss - lib\screens\auth\provider_onboarding_screen.dart:451:51 - deprecated_member_use
warning - Unused import: 'package:drift/drift.dart' - lib\screens\dashboard\dashboard_screen.dart:6:8 - unused_import
warning - Unused import: '../../core/cloud/sync_service.dart' - lib\screens\dashboard\dashboard_screen.dart:10:8 - unused_import
warning - Unused import: 'dart:math' - lib\screens\dashboard\dashboard_screen.dart:12:8 - unused_import
   info - 'withOpacity' is deprecated and shouldn't be used. Use .withValues() to avoid precision loss - lib\screens\dashboard\dashboard_screen.dart:85:43 - deprecated_member_use
   info - 'withOpacity' is deprecated and shouldn't be used. Use .withValues() to avoid precision loss - lib\screens\dashboard\dashboard_screen.dart:104:37 - deprecated_member_use
   info - 'withOpacity' is deprecated and shouldn't be used. Use .withValues() to avoid precision loss - lib\screens\dashboard\dashboard_screen.dart:178:47 - deprecated_member_use
   info - 'withOpacity' is deprecated and shouldn't be used. Use .withValues() to avoid precision loss - lib\screens\dashboard\dashboard_screen.dart:181:51 - deprecated_member_use
  error - The named parameter 'backgroundColor' isn't defined - lib\screens\dashboard\dashboard_screen.dart:221:17 - undefined_named_parameter
   info - 'withOpacity' is deprecated and shouldn't be used. Use .withValues() to avoid precision loss - lib\screens\dashboard\dashboard_screen.dart:221:80 - deprecated_member_use
   info - 'withOpacity' is deprecated and shouldn't be used. Use .withValues() to avoid precision loss - lib\screens\dashboard\dashboard_screen.dart:230:58 - deprecated_member_use
   info - 'withOpacity' is deprecated and shouldn't be used. Use .withValues() to avoid precision loss - lib\screens\dashboard\dashboard_screen.dart:325:51 - deprecated_member_use
   info - 'withOpacity' is deprecated and shouldn't be used. Use .withValues() to avoid precision loss - lib\screens\dashboard\dashboard_screen.dart:334:53 - deprecated_member_use
   info - 'withOpacity' is deprecated and shouldn't be used. Use .withValues() to avoid precision loss - lib\screens\dashboard\dashboard_screen.dart:427:41 - deprecated_member_use
   info - 'withOpacity' is deprecated and shouldn't be used. Use .withValues() to avoid precision loss - lib\screens\dashboard\dashboard_screen.dart:476:84 - deprecated_member_use
   info - Unnecessary use of multiple underscores - lib\screens\history\round_detail_screen.dart:36:26 - unnecessary_underscores
   info - Unnecessary use of multiple underscores - lib\screens\history\round_detail_screen.dart:39:24 - unnecessary_underscores
warning - Unused import: 'package:url_launcher/url_launcher.dart' - lib\screens\marketplace\caddie_marketplace_screen.dart:11:8 - unused_import
   info - Unnecessary braces in a string interpolation - lib\screens\marketplace\caddie_marketplace_screen.dart:260:37 - unnecessary_brace_in_string_interps
   info - Unnecessary use of multiple underscores - lib\screens\marketplace\caddie_marketplace_screen.dart:476:18 - unnecessary_underscores
warning - Unused import: 'package:url_launcher/url_launcher.dart' - lib\screens\marketplace\provider_preview_screen.dart:5:8 - unused_import
warning - Unused import: 'package:uuid/uuid.dart' - lib\screens\practice\custom_drill_builder_screen.dart:4:8 - unused_import
   info - Unnecessary use of multiple underscores - lib\screens\practice\custom_drill_builder_screen.dart:168:39 - unnecessary_underscores
warning - Unused import: 'package:screenshot/screenshot.dart' - lib\screens\practice\practice_analytics_screen.dart:11:8 - unused_import
   info - 'withOpacity' is deprecated and shouldn't be used. Use .withValues() to avoid precision loss - lib\screens\practice\practice_analytics_screen.dart:280:49 - deprecated_member_use
warning - Unused import: '../../core/cloud/sync_service.dart' - lib\screens\practice\practice_range_screen.dart:9:8 - unused_import
   info - Unnecessary use of multiple underscores - lib\screens\practice\practice_range_screen.dart:124:41 - unnecessary_underscores
warning - Unused import: 'dart:io' - lib\screens\practice\practice_session_screen.dart:2:8 - unused_import
warning - Unused import: 'package:camera/camera.dart' - lib\screens\practice\practice_session_screen.dart:9:8 - unused_import
warning - Unused import: '../../core/cloud/sync_service.dart' - lib\screens\practice\practice_session_screen.dart:13:8 - unused_import
warning - The value of the field '_activeTargetDistance' isn't used - lib\screens\practice\practice_session_screen.dart:36:8 - unused_field
   info - The private field _sessionShots could be 'final' - lib\screens\practice\practice_session_screen.dart:42:22 - prefer_final_fields
warning - The value of the field '_isCameraReady' isn't used - lib\screens\practice\practice_session_screen.dart:45:8 - unused_field
   info - Statements in an if should be enclosed in a block - lib\screens\practice\practice_session_screen.dart:121:32 - curly_braces_in_flow_control_structures
   info - Statements in an if should be enclosed in a block - lib\screens\practice\practice_session_screen.dart:122:39 - curly_braces_in_flow_control_structures
   info - Statements in an if should be enclosed in a block - lib\screens\practice\practice_session_screen.dart:123:39 - curly_braces_in_flow_control_structures
   info - Statements in an if should be enclosed in a block - lib\screens\practice\practice_session_screen.dart:124:44 - curly_braces_in_flow_control_structures
warning - The value of the local variable 'cameraService' isn't used - lib\screens\practice\practice_session_screen.dart:134:11 - unused_local_variable
   info - Statements in an if should be enclosed in a block - lib\screens\practice\practice_session_screen.dart:204:31 - curly_braces_in_flow_control_structures
warning - The declaration '_getQualityColor' isn't referenced - lib\screens\practice\practice_session_screen.dart:699:9 - unused_element
warning - Unused import: 'dart:io' - lib\screens\practice\session_summary_screen.dart:12:8 - unused_import
   info - Use a 'SizedBox' to add whitespace to a layout - lib\screens\practice\session_summary_screen.dart:487:12 - sized_box_for_whitespace
warning - The value of the field '_isTyping' isn't used - lib\screens\practice\widgets\swing_coach_bot.dart:17:8 - unused_field
warning - Unused import: 'package:fl_chart/fl_chart.dart' - lib\screens\profile\profile_screen.dart:18:8 - unused_import
   info - The private field _isSaving could be 'final' - lib\screens\profile\profile_screen.dart:30:8 - prefer_final_fields
warning - The value of the field '_isSaving' isn't used - lib\screens\profile\profile_screen.dart:30:8 - unused_field
   info - Don't use 'BuildContext's across async gaps, guarded by an unrelated 'mounted' check - lib\screens\profile\profile_screen.dart:425:26 - use_build_context_synchronously
   info - 'foregroundColor' is deprecated and shouldn't be used. use colors in eyeStyle and dataModuleStyle instead - lib\screens\profile\profile_screen.dart:529:17 - deprecated_member_use
warning - Dead code - lib\screens\profile\profile_screen.dart:619:56 - dead_code
warning - The left operand can't be null, so the right operand is never executed - lib\screens\profile\profile_screen.dart:619:59 - dead_null_aware_expression
warning - The declaration '_RecentActivityItem' isn't referenced - lib\screens\profile\profile_screen.dart:745:7 - unused_element
   info - 'activeColor' is deprecated and shouldn't be used. Use activeThumbColor instead. This feature was deprecated after v3.31.0-2.0.pre - lib\screens\profile\settings_screen.dart:73:60 - deprecated_member_use
   info - 'activeColor' is deprecated and shouldn't be used. Use activeThumbColor instead. This feature was deprecated after v3.31.0-2.0.pre - lib\screens\profile\settings_screen.dart:126:60 - deprecated_member_use
warning - Dead code - lib\screens\rounds\rounds_history_screen.dart:141:40 - dead_code
warning - The left operand can't be null, so the right operand is never executed - lib\screens\rounds\rounds_history_screen.dart:141:43 - dead_null_aware_expression
warning - Unused import: 'package:lucide_icons/lucide_icons.dart' - lib\screens\scorecard\add_course_screen.dart:5:8 - unused_import
warning - Unused import: '../../core/cloud/sync_service.dart' - lib\screens\scorecard\add_course_screen.dart:11:8 - unused_import
   info - 'withOpacity' is deprecated and shouldn't be used. Use .withValues() to avoid precision loss - lib\screens\scorecard\course_select_screen.dart:77:66 - deprecated_member_use
   info - 'activeColor' is deprecated and shouldn't be used. Use activeThumbColor or activeTrackColor instead. This feature was deprecated after v3.31.0-2.0.pre - lib\screens\scorecard\course_select_screen.dart:100:27 - deprecated_member_use
   info - 'withOpacity' is deprecated and shouldn't be used. Use .withValues() to avoid precision loss - lib\screens\scorecard\course_select_screen.dart:173:35 - deprecated_member_use
   info - 'withOpacity' is deprecated and shouldn't be used. Use .withValues() to avoid precision loss - lib\screens\scorecard\course_select_screen.dart:232:45 - deprecated_member_use
warning - Unused import: '../../core/theme/glass_card.dart' - lib\screens\scorecard\group_scoring_screen.dart:9:8 - unused_import
warning - Unused import: '../../core/cloud/sync_service.dart' - lib\screens\scorecard\scoring_screen.dart:12:8 - unused_import
   info - Statements in an if should be enclosed in a block - lib\screens\scorecard\scoring_screen.dart:545:32 - curly_braces_in_flow_control_structures
   info - Statements in an if should be enclosed in a block - lib\screens\scorecard\scoring_screen.dart:546:20 - curly_braces_in_flow_control_structures
   info - Statements in an if should be enclosed in a block - lib\screens\scorecard\scoring_screen.dart:569:32 - curly_braces_in_flow_control_structures
   info - Statements in an if should be enclosed in a block - lib\screens\scorecard\scoring_screen.dart:570:20 - curly_braces_in_flow_control_structures
warning - Unused import: '../../core/theme/glass_card.dart' - lib\screens\shell\app_shell.dart:7:8 - unused_import
warning - Unused import: '../../core/cloud/sync_service.dart' - lib\screens\shell\app_shell.dart:8:8 - unused_import
warning - Unused import: 'package:drift/drift.dart' - lib\screens\social\friends_screen.dart:6:8 - unused_import
warning - Unused import: '../../core/services/friend_service.dart' - lib\screens\social\friends_screen.dart:10:8 - unused_import
   info - Use 'isNotEmpty' instead of 'length' to test whether the collection is empty - lib\screens\social\group_round_lobby.dart:62:34 - prefer_is_empty
   info - The import of 'dart:ui' is unnecessary because all of the used elements are also provided by the import of 'package:flutter/material.dart' - lib\screens\social\leaderboard_screen.dart:4:8 - unnecessary_import
warning - Unused import: '../../core/database/database.dart' - lib\screens\social\leaderboard_screen.dart:7:8 - unused_import
warning - Unused import: 'player_profile_screen.dart' - lib\screens\social\leaderboard_screen.dart:9:8 - unused_import
   info - 'withOpacity' is deprecated and shouldn't be used. Use .withValues() to avoid precision loss - lib\screens\social\player_profile_screen.dart:57:72 - deprecated_member_use
   info - The import of 'dart:ui' is unnecessary because all of the used elements are also provided by the import of 'package:flutter/material.dart' - lib\widgets\highlights\analytics_highlight_card_widget.dart:8:8 - unnecessary_import
   info - 'withOpacity' is deprecated and shouldn't be used. Use .withValues() to avoid precision loss - lib\widgets\highlights\practice_highlight_card_widget.dart:52:40 - deprecated_member_use
   info - 'withOpacity' is deprecated and shouldn't be used. Use .withValues() to avoid precision loss - lib\widgets\highlights\practice_highlight_card_widget.dart:53:40 - deprecated_member_use
   info - 'withOpacity' is deprecated and shouldn't be used. Use .withValues() to avoid precision loss - lib\widgets\highlights\practice_highlight_card_widget.dart:134:41 - deprecated_member_use
   info - 'withOpacity' is deprecated and shouldn't be used. Use .withValues() to avoid precision loss - lib\widgets\highlights\practice_highlight_card_widget.dart:136:60 - deprecated_member_use
   info - 'withOpacity' is deprecated and shouldn't be used. Use .withValues() to avoid precision loss - lib\widgets\highlights\practice_highlight_card_widget.dart:195:52 - deprecated_member_use
   info - 'withOpacity' is deprecated and shouldn't be used. Use .withValues() to avoid precision loss - lib\widgets\highlights\practice_highlight_card_widget.dart:196:52 - deprecated_member_use
   info - 'withOpacity' is deprecated and shouldn't be used. Use .withValues() to avoid precision loss - lib\widgets\highlights\practice_highlight_card_widget.dart:246:41 - deprecated_member_use
   info - 'withOpacity' is deprecated and shouldn't be used. Use .withValues() to avoid precision loss - lib\widgets\highlights\practice_highlight_card_widget.dart:282:29 - deprecated_member_use
   info - 'withOpacity' is deprecated and shouldn't be used. Use .withValues() to avoid precision loss - lib\widgets\highlights\practice_highlight_card_widget.dart:284:48 - deprecated_member_use
   info - 'withOpacity' is deprecated and shouldn't be used. Use .withValues() to avoid precision loss - lib\widgets\highlights\practice_highlight_card_widget.dart:320:29 - deprecated_member_use

